dspttjohuifsvcjdpoabrkttds
etquukpivjgtwdkeqpbcsluuet
furvvlqjwkhuxelfrqcdtmvvfu
gvswwmrkxlivyfmgsrdeunwwgv
hwtxxnslymjwzgnhtsefvoxxhw
ixuyyotmznkxahoiutfgwpyyix
jyvzzpunaolybipjvughxqzzjy
kzwaaqvobpmzcjqkwvhiyraakz
laxbbrwpcqnadkrlxwijzsbbla
mbyccsxqdrobelsmyxjkatccmb
nczddtyrespcfmtnzyklbuddnc
odaeeuzsftqdgnuoazlmcveeod
pebffvatgurehovpbamndwffpe
qfcggwbuhvsfipwqcbnoexggqf
rgdhhxcviwtgjqxrdcopfyhhrg
sheiiydwjxuhkrysedpqgziish
tifjjzexkyvilsztfeqrhajjti
ujgkkafylzwjmtaugfrsibkkuj
vkhllbgzmaxknubvhgstjcllvk
wlimmchanbylovcwihtukdmmwl
xmjnndiboczmpwdxjiuvlennxm
ynkooejcpdanqxeykjvwmfooyn
zolppfkdqeboryfzlkwxngppzo
apmqqglerfcpszgamlxyohqqap
bqnrrhmfsgdqtahbnmyzpirrbq
crossingtherubiconzaqjsscr
dspttjohuifsvcjdpoabrkttds
