cvpbpgs{abg_gbb_onq_bs_n_ceboyrz}
dwqcqht{bch_hcc_por_ct_o_dfcpzsa}
exrdriu{cdi_idd_qps_du_p_egdqatb}
fysesjv{dej_jee_rqt_ev_q_fherbuc}
gztftkw{efk_kff_sru_fw_r_gifscvd}
haugulx{fgl_lgg_tsv_gx_s_hjgtdwe}
ibvhvmy{ghm_mhh_utw_hy_t_ikhuexf}
jcwiwnz{hin_nii_vux_iz_u_jlivfyg}
kdxjxoa{ijo_ojj_wvy_ja_v_kmjwgzh}
leykypb{jkp_pkk_xwz_kb_w_lnkxhai}
mfzlzqc{klq_qll_yxa_lc_x_molyibj}
ngamard{lmr_rmm_zyb_md_y_npmzjck}
ohbnbse{mns_snn_azc_ne_z_oqnakdl}
picoctf{not_too_bad_of_a_problem}
qjdpdug{opu_upp_cbe_pg_b_qspcmfn}
rkeqevh{pqv_vqq_dcf_qh_c_rtqdngo}
slfrfwi{qrw_wrr_edg_ri_d_sureohp}
tmgsgxj{rsx_xss_feh_sj_e_tvsfpiq}
unhthyk{sty_ytt_gfi_tk_f_uwtgqjr}
voiuizl{tuz_zuu_hgj_ul_g_vxuhrks}
wpjvjam{uva_avv_ihk_vm_h_wyvislt}
xqkwkbn{vwb_bww_jil_wn_i_xzwjtmu}
yrlxlco{wxc_cxx_kjm_xo_j_yaxkunv}
zsmymdp{xyd_dyy_lkn_yp_k_zbylvow}
atnzneq{yze_ezz_mlo_zq_l_aczmwpx}
buoaofr{zaf_faa_nmp_ar_m_bdanxqy}
cvpbpgs{abg_gbb_onq_bs_n_ceboyrz}
