xqkwkbn{z0bib1wv_l3kzgxb3l_4k71n5j0}
yrlxlco{a0cjc1xw_m3lahyc3m_4l71o5k0}
zsmymdp{b0dkd1yx_n3mbizd3n_4m71p5l0}
atnzneq{c0ele1zy_o3ncjae3o_4n71q5m0}
buoaofr{d0fmf1az_p3odkbf3p_4o71r5n0}
cvpbpgs{e0gng1ba_q3pelcg3q_4p71s5o0}
dwqcqht{f0hoh1cb_r3qfmdh3r_4q71t5p0}
exrdriu{g0ipi1dc_s3rgnei3s_4r71u5q0}
fysesjv{h0jqj1ed_t3shofj3t_4s71v5r0}
gztftkw{i0krk1fe_u3tipgk3u_4t71w5s0}
haugulx{j0lsl1gf_v3ujqhl3v_4u71x5t0}
ibvhvmy{k0mtm1hg_w3vkrim3w_4v71y5u0}
jcwiwnz{l0nun1ih_x3wlsjn3x_4w71z5v0}
kdxjxoa{m0ovo1ji_y3xmtko3y_4x71a5w0}
leykypb{n0pwp1kj_z3ynulp3z_4y71b5x0}
mfzlzqc{o0qxq1lk_a3zovmq3a_4z71c5y0}
ngamard{p0ryr1ml_b3apwnr3b_4a71d5z0}
ohbnbse{q0szs1nm_c3bqxos3c_4b71e5a0}
picoctf{r0tat1on_d3crypt3d_4c71f5b0}
qjdpdug{s0ubu1po_e3dszqu3e_4d71g5c0}
rkeqevh{t0vcv1qp_f3etarv3f_4e71h5d0}
slfrfwi{u0wdw1rq_g3fubsw3g_4f71i5e0}
tmgsgxj{v0xex1sr_h3gvctx3h_4g71j5f0}
unhthyk{w0yfy1ts_i3hwduy3i_4h71k5g0}
voiuizl{x0zgz1ut_j3ixevz3j_4i71l5h0}
wpjvjam{y0aha1vu_k3jyfwa3k_4j71m5i0}
xqkwkbn{z0bib1wv_l3kzgxb3l_4k71n5j0}
